errors:
----------------------------------
----------------------------------

cmd --> npm run build

Error: error:0308010C:digital envelope routines::unsupported

solve:
https://stackoverflow.com/questions/69692842/error-message-error0308010cdigital-envelope-routinesunsupported
cmd --> set NODE_OPTIONS=--openssl-legacy-provider
-----------------------------------------------------------------------------------------------
-----------------------------------------------------------------------------------------------